[efuel.like-themes.com/index.html]
[backblue.gif]
[fade.gif]
[index.html]
[connect.facebook.net/en_US/sdk.js]
[efuel.like-themes.com/feed/index.html]
[efuel.like-themes.com/comments/feed/index.html]
[maxcdn.bootstrapcdn.com/font-awesome/4.3.0/css/font-awesome.mind934.css]
[efuel.like-themes.com/events/indexedf3.html]
[efuel.like-themes.com/wp-content/uploads/2018/08/header-bg-1.jpg]
[efuel.like-themes.com/wp-content/uploads/2018/08/footer-bg.png]
[efuel.like-themes.com/wp-content/uploads/2018/08/go-top.png]
[efuel.like-themes.com/wp-content/uploads/2018/10/ltx-efuelfd60.eot]
[efuel.like-themes.com/wp-content/uploads/2018/10/ltx-efuelfd60.woff]
[efuel.like-themes.com/wp-content/uploads/2018/10/ltx-efuelfd60.ttf]
[efuel.like-themes.com/wp-includes/js/jquery/jqueryb8ff.js]
[efuel.like-themes.com/wp-includes/js/jquery/jquery-migrate.min330a.js]
[w.sharethis.com/button/st_insightsc2fc.js]
[efuel.like-themes.com/wp-content/plugins/woocommerce/assets/js/jquery-blockui/jquery.blockUI.min44fd.js]
[efuel.like-themes.com/wp-content/plugins/woocommerce/assets/js/frontend/add-to-cart.minb284.js]
[efuel.like-themes.com/wp-content/plugins/js_composer/assets/js/vendors/woocommerce-add-to-carte23c.js]
[efuel.like-themes.com/wp-content/themes/efuel/assets/js/modernizr-2.6.2.min61da.js]
[efuel.like-themes.com/wp-content/plugins/Booking/js/wpbc_vars0475.js]
[efuel.like-themes.com/wp-content/plugins/Booking/assets/libs/bootstrap/js/bootstrap8c1c.js]
[efuel.like-themes.com/wp-content/plugins/Booking/js/datepick/jquery.datepick4963.js]
[efuel.like-themes.com/wp-content/plugins/Booking/js/client0475.js]
[efuel.like-themes.com/wp-content/plugins/Booking/js/wpbc_times0475.js]
[efuel.like-themes.com/wp-json/index.html]
[efuel.like-themes.com/wp-includes/wlwmanifest.xml]
[efuel.like-themes.com/wp-json/oembed/1.0/embed4767.json]
[efuel.like-themes.com/wp-json/oembed/1.0/embed607f]
[efuel.like-themes.com/wp-content/uploads/2018/08/cropped-favicon-48x48.png]
[efuel.like-themes.com/wp-content/uploads/2018/08/cropped-favicon-300x300.png]
[efuel.like-themes.com/wp-json/tribe/events/v1/index.html]
[efuel.like-themes.com/wp-content/uploads/2018/08/services-bg3204.png]
[efuel.like-themes.com/wp-content/themes/efuel/assets/images/logo.png]
[efuel.like-themes.com/my-account/index.html]
[efuel.like-themes.com/cart/index.html]
[efuel.like-themes.com/homepage-gas-station/index.html]
[efuel.like-themes.com/homepage-towing/index.html]
[efuel.like-themes.com/homepage-rental/index.html]
[efuel.like-themes.com/about-company/index.html]
[efuel.like-themes.com/wp-content/uploads/2018/08/slider-flowing.jpg]
[efuel.like-themes.com/testimonials/index.html]
[efuel.like-themes.com/wp-content/uploads/2018/08/slider-car-full.jpg]
[efuel.like-themes.com/team/index.html]
[efuel.like-themes.com/wp-content/uploads/2018/08/serv_01-690x410.jpg]
[efuel.like-themes.com/faq/index.html]
[efuel.like-themes.com/wp-content/uploads/2018/08/serv_02-690x410.jpg]
[efuel.like-themes.com/shop/index.html]
[efuel.like-themes.com/wp-content/uploads/2018/08/serv_03-690x410.jpg]
[efuel.like-themes.com/wp-content/uploads/2018/08/level-1-1.png]
[efuel.like-themes.com/classic-blog-with-right-sidebar/index.html]
[efuel.like-themes.com/wp-content/uploads/2018/08/level-2-1.png]
[efuel.like-themes.com/classic-blog-without-sidebar/index.html]
[efuel.like-themes.com/wp-content/uploads/2018/08/level-3.png]
[efuel.like-themes.com/blog-2-columns-with-right-sidebar/index.html]
[efuel.like-themes.com/blog-two-columns-without-sidebar/index.html]
[efuel.like-themes.com/wp-content/uploads/2018/08/level-4-1.png]
[efuel.like-themes.com/blog-three-columns/index.html]
[efuel.like-themes.com/gallery-2-columns/index.html]
[efuel.like-themes.com/wp-content/uploads/2018/08/advantage-1-1.png]
[efuel.like-themes.com/gallery-3-columns/index.html]
[efuel.like-themes.com/wp-content/uploads/2018/08/advantage-bg.png]
[efuel.like-themes.com/gallery-4-columns/index.html]
[efuel.like-themes.com/wp-content/uploads/2018/09/partner-new-1.png]
[efuel.like-themes.com/contacts/index.html]
[efuel.like-themes.com/wp-content/uploads/2018/09/partner-new-2.png]
[efuel.like-themes.com/elements/headers/index.html]
[efuel.like-themes.com/wp-content/uploads/2018/09/partner-new-3.png]
[efuel.like-themes.com/elements/text/index.html]
[efuel.like-themes.com/wp-content/uploads/2018/09/partner-new-4.png]
[efuel.like-themes.com/elements/text_columns/index.html]
[efuel.like-themes.com/elements/table/index.html]
[efuel.like-themes.com/wp-content/uploads/2018/09/partner-new-5.png]
[efuel.like-themes.com/elements/separators/index.html]
[efuel.like-themes.com/wp-content/uploads/2018/09/partner-new-6.png]
[efuel.like-themes.com/elements/buttons/index.html]
[efuel.like-themes.com/elements/accordions/index.html]
[efuel.like-themes.com/elements/forms/index.html]
[efuel.like-themes.com/elements/alert/index.html]
[efuel.like-themes.com/wp-content/uploads/2018/08/cards.png]
[efuel.like-themes.com/elements/tabs/index.html]
[efuel.like-themes.com/elements/shortcodes/index.html]
[efuel.like-themes.com/elements/list/index.html]
[efuel.like-themes.com/wp-content/uploads/2018/08/tariff-1.png]
[efuel.like-themes.com/elements/icons-page/index.html]
[efuel.like-themes.com/services/public-stations-2/index.html]
[efuel.like-themes.com/wp-content/uploads/2018/08/tariff-2.png]
[efuel.like-themes.com/services/home-charging-2/index.html]
[efuel.like-themes.com/services/commercial-systems-2/index.html]
[efuel.like-themes.com/services/home-charging/index.html]
[efuel.like-themes.com/services/public-stations/index.html]
[efuel.like-themes.com/services/commercial-systems/index.html]
[efuel.like-themes.com/wp-content/uploads/2018/08/tariff-3.png]
[efuel.like-themes.com/wp-content/uploads/2018/08/mission-bg-leaves.png]
[efuel.like-themes.com/wp-content/uploads/2018/02/app-google.png]
[efuel.like-themes.com/wp-content/uploads/2018/02/app-mac.png]
[efuel.like-themes.com/wp-content/uploads/2018/08/mobile-1.png]
[efuel.like-themes.com/the-number-of-electric-vehicles-in-the-uk-has-doubled/index.html]
[efuel.like-themes.com/wp-content/uploads/2018/08/blog_01-1-770x515.jpg]
[efuel.like-themes.com/category/electric-cars/index.html]
[efuel.like-themes.com/solar-cells-for-electric-charge-appeared-on-sale/index.html]
[efuel.like-themes.com/wp-content/uploads/2018/08/blog_02-1-770x515.jpg]
[efuel.like-themes.com/wp-content/uploads/2018/08/blog_03-1-770x515.jpg]
[efuel.like-themes.com/this-year-more-than-5-billion-was-saved-on-fuel/index.html]
[efuel.like-themes.com/wp-content/uploads/2018/08/logo-footer.png]
[efuel.like-themes.com/wp-content/plugins/metronet-profile-picture/js/mpp-frontend.min4c71.js]
[efuel.like-themes.com/wp-content/plugins/contact-form-7/includes/js/scripts3c21.js]
[efuel.like-themes.com/wp-content/plugins/simple-share-buttons-adder/js/ssbad934.js]
[efuel.like-themes.com/wp-content/plugins/woocommerce/assets/js/js-cookie/js.cookie.min6b25.js]
[efuel.like-themes.com/wp-content/plugins/woocommerce/assets/js/frontend/woocommerce.minb284.js]
[efuel.like-themes.com/wp-content/plugins/woocommerce/assets/js/frontend/cart-fragments.minb284.js]
[efuel.like-themes.com/wp-includes/js/imagesloaded.min55a0.js]
[efuel.like-themes.com/wp-includes/js/masonry.mind617.js]
[efuel.like-themes.com/wp-includes/js/jquery/jquery.masonry.minef70.js]
[efuel.like-themes.com/wp-content/themes/efuel/assets/js/jquery.countdown3601.js]
[efuel.like-themes.com/wp-content/themes/efuel/assets/js/jquery.counterup.min5152.js]
[efuel.like-themes.com/wp-content/themes/efuel/assets/js/jquery.matchHeightd934.js]
[efuel.like-themes.com/wp-content/themes/efuel/assets/js/jquery.nicescroll87e3.js]
[efuel.like-themes.com/wp-content/themes/efuel/assets/js/jquery.swipeboxc2d0.js]
[efuel.like-themes.com/wp-content/themes/efuel/assets/js/jquery.zoomsliderf096.js]
[efuel.like-themes.com/wp-content/themes/efuel/assets/js/waypoint1f22.js]
[efuel.like-themes.com/wp-content/themes/efuel/assets/js/affix7433.js]
[efuel.like-themes.com/wp-content/themes/efuel/assets/js/jquery.paroller.mine7f0.js]
[efuel.like-themes.com/wp-content/themes/efuel/assets/js/swiperb523.js]
[efuel.like-themes.com/wp-content/themes/efuel/assets/js/parallax.minc358.js]
[efuel.like-themes.com/wp-content/themes/efuel/assets/js/parallax-scroll.min5152.js]
[efuel.like-themes.com/wp-content/themes/efuel/assets/js/scrollreveal7984.js]
[efuel.like-themes.com/wp-content/themes/efuel/assets/js/scriptse29d.js]
[efuel.like-themes.com/wp-content/themes/efuel/assets/js/map-style8a54.js]
[efuel.like-themes.com/wp-content/themes/efuel/assets/js/paced934.js]
[efuel.like-themes.com/wp-includes/js/wp-embed.mind934.js]
[efuel.like-themes.com/wp-content/plugins/js_composer/assets/js/dist/js_composer_front.mine23c.js]
[efuel.like-themes.com/wp-content/plugins/js_composer/assets/lib/waypoints/waypoints.mine23c.js]
[efuel.like-themes.com/wp-content/plugins/js_composer/assets/lib/bower/skrollr/dist/skrollr.mine23c.js]
[efuel.like-themes.com/index.html]
[efuel.like-themes.com/xmlrpc.html]
[connect.facebook.net/en_US/sdk.js]
[efuel.like-themes.com/wp-includes/css/dist/block-library/style.mind934.css]
[efuel.like-themes.com/wp-content/plugins/metronet-profile-picture/css/front-end-gutenberg4c71.css]
[efuel.like-themes.com/wp-content/plugins/contact-form-7/images/ajax-loader.gif]
[efuel.like-themes.com/wp-content/plugins/contact-form-7/includes/css/styles3c21.css]
[efuel.like-themes.com/wp-includes/fonts/dashicons.eot]
[efuel.like-themes.com/wp-includes/css/dashicons.mind934.css]
[efuel.like-themes.com/wp-content/plugins/post-views-counter/css/frontend6577.css]
[maxcdn.bootstrapcdn.com/font-awesome/4.3.0/css/font-awesome.mind934.css]
[efuel.like-themes.com/wp-content/plugins/woocommerce/assets/css/woocommerce-layoutb284.css]
[efuel.like-themes.com/wp-content/plugins/woocommerce/assets/css/woocommerce-smallscreenb284.css]
[efuel.like-themes.com/wp-content/plugins/woocommerce/assets/fonts/star.eot]
[efuel.like-themes.com/wp-content/plugins/woocommerce/assets/fonts/stard41d.eot]
[efuel.like-themes.com/wp-content/plugins/woocommerce/assets/fonts/star.woff]
[efuel.like-themes.com/wp-content/plugins/woocommerce/assets/fonts/star.ttf]
[efuel.like-themes.com/wp-content/plugins/woocommerce/assets/fonts/WooCommerce.eot]
[efuel.like-themes.com/wp-content/plugins/woocommerce/assets/fonts/WooCommerced41d.eot]
[efuel.like-themes.com/wp-content/plugins/woocommerce/assets/fonts/WooCommerce.woff]
[efuel.like-themes.com/wp-content/plugins/woocommerce/assets/fonts/WooCommerce.ttf]
[efuel.like-themes.com/wp-content/plugins/woocommerce/assets/css/woocommerceb284.css]
[efuel.like-themes.com/wp-content/themes/efuel/assets/css/bootstrap-grid5152.css]
[efuel.like-themes.com/wp-content/themes/efuel/assets/images/swipebox/loader.gif]
[efuel.like-themes.com/wp-content/themes/efuel/assets/images/swipebox/icons.png]
[efuel.like-themes.com/wp-content/themes/efuel/assets/css/pluginse29d.css]
[efuel.like-themes.com/wp-content/themes/efuel/assets/images/li-icon-arrow.png]
[efuel.like-themes.com/wp-content/themes/efuel/assets/images/video-play-big.png]
[efuel.like-themes.com/wp-content/themes/efuel/stylee29d.css]
[efuel.like-themes.com/wp-content/uploads/2018/10/ltx-efuelfd60.html]
[efuel.like-themes.com/wp-content/uploads/2018/10/ltx-efuelfd60.svg]
[efuel.like-themes.com/wp-content/uploads/2018/10/ltx-efuel-codese29d.css]
[efuel.like-themes.com/wp-content/plugins/js_composer/assets/lib/bower/font-awesome/fonts/fontawesome-webfont3e6e.eot]
[efuel.like-themes.com/wp-content/plugins/js_composer/assets/lib/bower/font-awesome/fonts/fontawesome-webfontd41d.eot]
[efuel.like-themes.com/wp-content/plugins/js_composer/assets/lib/bower/font-awesome/fonts/fontawesome-webfont3e6e.woff]
[efuel.like-themes.com/wp-content/plugins/js_composer/assets/lib/bower/font-awesome/fonts/fontawesome-webfont3e6e.ttf]
[efuel.like-themes.com/wp-content/plugins/js_composer/assets/lib/bower/font-awesome/css/font-awesome.mine23c.css]
[efuel.like-themes.com/wp-content/plugins/js_composer/assets/css/js_composer.mine23c.css]
[efuel.like-themes.com/wp-content/plugins/unyson/framework/static/libs/linecons/css/linecons87b5.css]
[efuel.like-themes.com/wp-content/plugins/unyson/framework/static/libs/font-awesome/css/font-awesome.min87b5.css]
[efuel.like-themes.com/wp-content/plugins/unyson/framework/static/libs/entypo/css/entypo87b5.css]
[efuel.like-themes.com/wp-content/plugins/unyson/framework/static/libs/lnr/css/lnr87b5.css]
[efuel.like-themes.com/wp-content/plugins/unyson/framework/static/libs/typcn/css/typcn87b5.css]
[efuel.like-themes.com/wp-content/plugins/unyson/framework/static/libs/unycon/unycon87b5.css]
[efuel.like-themes.com/wp-content/plugins/Booking/assets/libs/bootstrap/css/bootstrap8c1c.css]
[efuel.like-themes.com/wp-content/plugins/Booking/assets/libs/bootstrap/css/bootstrap-theme8c1c.css]
[efuel.like-themes.com/wp-content/plugins/Booking/css/client0475.css]
[efuel.like-themes.com/wp-content/plugins/Booking/css/timeline0475.css]
[efuel.like-themes.com/wp-content/plugins/Booking/css/calendar0475.css]
[efuel.like-themes.com/wp-content/plugins/Booking/css/skins/traditional0475.css]
[efuel.like-themes.com/xmlrpc0db0.html]
[efuel.like-themes.com/my-account/index.html]
[efuel.like-themes.com/cart/index.html]
[efuel.like-themes.com/homepage-gas-station/index.html]
[efuel.like-themes.com/homepage-towing/index.html]
[efuel.like-themes.com/homepage-rental/index.html]
[efuel.like-themes.com/about-company/index.html]
[efuel.like-themes.com/testimonials/index.html]
[efuel.like-themes.com/team/index.html]
[efuel.like-themes.com/faq/index.html]
[efuel.like-themes.com/404-page.html]
[efuel.like-themes.com/shop/index.html]
[efuel.like-themes.com/checkout/index.html]
[efuel.like-themes.com/classic-blog-with-right-sidebar/index.html]
[efuel.like-themes.com/blog-2-columns-with-right-sidebar/index.html]
[efuel.like-themes.com/classic-blog-without-sidebar/index.html]
[efuel.like-themes.com/blog-two-columns-without-sidebar/index.html]
[efuel.like-themes.com/blog-three-columns/index.html]
[efuel.like-themes.com/gallery-2-columns/index.html]
[efuel.like-themes.com/gallery-3-columns/index.html]
[efuel.like-themes.com/gallery-4-columns/index.html]
[efuel.like-themes.com/contacts/index.html]
[efuel.like-themes.com/elements/headers/index.html]
[efuel.like-themes.com/elements/text/index.html]
[efuel.like-themes.com/elements/text_columns/index.html]
[efuel.like-themes.com/elements/table/index.html]
[efuel.like-themes.com/elements/separators/index.html]
[efuel.like-themes.com/elements/buttons/index.html]
[efuel.like-themes.com/elements/forms/index.html]
[efuel.like-themes.com/elements/accordions/index.html]
[efuel.like-themes.com/elements/alert/index.html]
[efuel.like-themes.com/elements/tabs/index.html]
[efuel.like-themes.com/elements/shortcodes/index.html]
[efuel.like-themes.com/elements/icons-page/index.html]
[efuel.like-themes.com/elements/list/index.html]
[efuel.like-themes.com/services/home-charging-2/index.html]
[efuel.like-themes.com/services/public-stations-2/index.html]
[efuel.like-themes.com/services/commercial-systems-2/index.html]
[efuel.like-themes.com/services/home-charging/index.html]
[efuel.like-themes.com/services/public-stations/index.html]
[efuel.like-themes.com/services/commercial-systems/index.html]
[efuel.like-themes.com/the-number-of-electric-vehicles-in-the-uk-has-doubled/index.html]
[efuel.like-themes.com/category/electric-cars/index.html]
[efuel.like-themes.com/solar-cells-for-electric-charge-appeared-on-sale/index.html]
[efuel.like-themes.com/this-year-more-than-5-billion-was-saved-on-fuel/index.html]
[efuel.like-themes.com/blog/index.html]
[efuel.like-themes.com/wp-content/plugins/js_composer/assets/lib/bower/animate-css/animate.mine23c.css]
[efuel.like-themes.com/wp-content/plugins/woocommerce/assets/fonts/star.svg]
[efuel.like-themes.com/wp-content/plugins/woocommerce/assets/images/icons/loader.svg]
[efuel.like-themes.com/wp-content/plugins/woocommerce/assets/images/icons/credit-cards/visa.svg]
[efuel.like-themes.com/wp-content/plugins/woocommerce/assets/images/icons/credit-cards/mastercard.svg]
[efuel.like-themes.com/wp-content/plugins/woocommerce/assets/images/icons/credit-cards/laser.svg]
[efuel.like-themes.com/wp-content/plugins/woocommerce/assets/images/icons/credit-cards/diners.svg]
[efuel.like-themes.com/wp-content/plugins/woocommerce/assets/images/icons/credit-cards/maestro.svg]
[efuel.like-themes.com/wp-content/plugins/woocommerce/assets/images/icons/credit-cards/jcb.svg]
[efuel.like-themes.com/wp-content/plugins/woocommerce/assets/images/icons/credit-cards/amex.svg]
[efuel.like-themes.com/wp-content/plugins/woocommerce/assets/images/icons/credit-cards/discover.svg]
[efuel.like-themes.com/wp-content/themes/efuel/assets/fonts/glyphicons-halflings-regular.html]
[efuel.like-themes.com/wp-content/themes/efuel/assets/fonts/glyphicons-halflings-regulard41d.html]
[efuel.like-themes.com/wp-content/themes/efuel/assets/fonts/glyphicons-halflings-regular-2.html]
[efuel.like-themes.com/wp-content/themes/efuel/assets/fonts/glyphicons-halflings-regular-3.html]
[efuel.like-themes.com/wp-content/themes/efuel/assets/fonts/glyphicons-halflings-regular-4.html]
[efuel.like-themes.com/wp-content/themes/efuel/assets/fonts/glyphicons-halflings-regular-5.html]
[efuel.like-themes.com/wp-content/themes/efuel/assets/css/plain.html]
[efuel.like-themes.com/wp-content/themes/efuel/assets/css/dots.html]
[efuel.like-themes.com/wp-content/themes/efuel/assets/images/__overlay-lines.html]
[efuel.like-themes.com/wp-content/themes/efuel/assets/images/filter-dots.html]
[efuel.like-themes.com/wp-content/plugins/js_composer/assets/lib/bower/font-awesome/fonts/fontawesome-webfont3e6e.html]
[efuel.like-themes.com/wp-content/plugins/js_composer/assets/vc/exclamation.png]
[efuel.like-themes.com/wp-content/plugins/js_composer/assets/images/icons/address-book.png]
[efuel.like-themes.com/wp-content/plugins/js_composer/assets/images/icons/anchor.png]
[efuel.like-themes.com/wp-content/plugins/js_composer/assets/images/icons/alarm-clock.png]
[efuel.like-themes.com/wp-content/plugins/js_composer/assets/images/icons/application-image.png]
[efuel.like-themes.com/wp-content/plugins/js_composer/assets/images/icons/arrow.png]
[efuel.like-themes.com/wp-content/plugins/js_composer/assets/images/icons/asterisk.png]
[efuel.like-themes.com/wp-content/plugins/js_composer/assets/images/icons/auction-hammer.png]
[efuel.like-themes.com/wp-content/plugins/js_composer/assets/images/icons/balloon.png]
[efuel.like-themes.com/wp-content/plugins/js_composer/assets/images/icons/balloon-facebook.png]
[efuel.like-themes.com/wp-content/plugins/js_composer/assets/images/icons/balloon-buzz.png]
[efuel.like-themes.com/wp-content/plugins/js_composer/assets/images/icons/balloon-twitter.png]
[efuel.like-themes.com/wp-content/plugins/js_composer/assets/images/icons/battery-full.png]
[efuel.like-themes.com/wp-content/plugins/js_composer/assets/images/icons/binocular.png]
[efuel.like-themes.com/wp-content/plugins/js_composer/assets/images/icons/blue-document-excel.png]
[efuel.like-themes.com/wp-content/plugins/js_composer/assets/images/icons/blue-document-image.png]
[efuel.like-themes.com/wp-content/plugins/js_composer/assets/images/icons/blue-document-music.png]
[efuel.like-themes.com/wp-content/plugins/js_composer/assets/images/icons/blue-document-office.png]
[efuel.like-themes.com/wp-content/plugins/js_composer/assets/images/icons/blue-document-pdf.png]
[efuel.like-themes.com/wp-content/plugins/js_composer/assets/images/icons/blue-document-powerpoint.png]
[efuel.like-themes.com/wp-content/plugins/js_composer/assets/images/icons/blue-document-word.png]
[efuel.like-themes.com/wp-content/plugins/js_composer/assets/images/icons/bookmark.png]
[efuel.like-themes.com/wp-content/plugins/js_composer/assets/images/icons/camcorder.png]
[efuel.like-themes.com/wp-content/plugins/js_composer/assets/images/icons/camera.png]
[efuel.like-themes.com/wp-content/plugins/js_composer/assets/images/icons/chart.png]
[efuel.like-themes.com/wp-content/plugins/js_composer/assets/images/icons/chart-pie.png]
[efuel.like-themes.com/wp-content/plugins/js_composer/assets/images/icons/control.png]
[efuel.like-themes.com/wp-content/plugins/js_composer/assets/images/icons/clock.png]
[efuel.like-themes.com/wp-content/plugins/js_composer/assets/images/icons/fire.png]
[efuel.like-themes.com/wp-content/plugins/js_composer/assets/images/icons/mail.png]
[efuel.like-themes.com/wp-content/plugins/js_composer/assets/images/icons/heart.png]
[efuel.like-themes.com/wp-content/plugins/js_composer/assets/images/icons/plus-shield.png]
[efuel.like-themes.com/wp-content/plugins/js_composer/assets/images/icons/video.png]
[efuel.like-themes.com/wp-content/plugins/js_composer/assets/fonts/vc_icons_v2/fonts/vcpb-plugin-iconsb82a.ttf]
[efuel.like-themes.com/wp-content/plugins/js_composer/assets/fonts/vc_icons_v2/fonts/vcpb-plugin-iconsb82a.woff]
[efuel.like-themes.com/wp-content/plugins/js_composer/assets/fonts/vc_icons_v2/fonts/vcpb-plugin-iconsb82a.eot]
[efuel.like-themes.com/wp-content/plugins/js_composer/assets/images/toggle_open.png]
[efuel.like-themes.com/wp-content/plugins/js_composer/assets/images/toggle_close.png]
[efuel.like-themes.com/wp-content/plugins/js_composer/assets/fonts/vc_grid/vc_grid_v1d41d.eot]
[efuel.like-themes.com/wp-content/plugins/js_composer/assets/images/flickr.png]
[efuel.like-themes.com/wp-content/plugins/js_composer/assets/fonts/vc_grid/vc_grid_v157a1.eot]
[efuel.like-themes.com/wp-content/plugins/js_composer/assets/fonts/vc_grid/vc_grid_v157a1.woff]
[efuel.like-themes.com/wp-content/plugins/js_composer/assets/fonts/vc_grid/vc_grid_v157a1.ttf]
[efuel.like-themes.com/wp-content/plugins/js_composer/assets/images/spinner.gif]
[efuel.like-themes.com/wp-content/plugins/js_composer/assets/vc/remove.png]
[efuel.like-themes.com/wp-content/plugins/unyson/framework/static/libs/linecons/fonts/linecons.eot]
[efuel.like-themes.com/wp-content/plugins/unyson/framework/static/libs/font-awesome/fonts/fontawesome-webfont3e6e.eot]
[efuel.like-themes.com/wp-content/plugins/unyson/framework/static/libs/font-awesome/fonts/fontawesome-webfontd41d.eot]
[efuel.like-themes.com/wp-content/plugins/unyson/framework/static/libs/font-awesome/fonts/fontawesome-webfont3e6e.ttf]
[efuel.like-themes.com/wp-content/plugins/unyson/framework/static/libs/font-awesome/fonts/fontawesome-webfont3e6e.woff]
[efuel.like-themes.com/wp-content/plugins/unyson/framework/static/libs/entypo/fonts/entypo.eot]
[efuel.like-themes.com/wp-content/plugins/unyson/framework/static/libs/entypo/fonts/entypo.woff]
[efuel.like-themes.com/wp-content/plugins/unyson/framework/static/libs/entypo/fonts/entypod41d.eot]
[efuel.like-themes.com/wp-content/plugins/unyson/framework/static/libs/entypo/fonts/entypo.ttf]
[efuel.like-themes.com/wp-content/plugins/unyson/framework/static/libs/typcn/fonts/typicons.eot]
[efuel.like-themes.com/wp-content/plugins/unyson/framework/static/libs/typcn/fonts/typiconsd41d.eot]
[efuel.like-themes.com/wp-content/plugins/unyson/framework/static/libs/typcn/fonts/typicons.woff]
[efuel.like-themes.com/wp-content/plugins/unyson/framework/static/libs/typcn/fonts/typicons.ttf]
[efuel.like-themes.com/wp-content/plugins/unyson/framework/static/libs/unycon/fonts/Unycond41d.eot]
[efuel.like-themes.com/wp-content/plugins/unyson/framework/static/libs/unycon/fonts/Unyconfda5.eot]
[efuel.like-themes.com/wp-content/plugins/unyson/framework/static/libs/unycon/fonts/Unyconfda5.ttf]
[efuel.like-themes.com/wp-content/plugins/unyson/framework/static/libs/unycon/fonts/Unyconfda5.woff]
[efuel.like-themes.com/wp-content/plugins/Booking/assets/libs/bootstrap/fonts/glyphicons-halflings-regular.eot]
[efuel.like-themes.com/wp-content/plugins/Booking/assets/libs/bootstrap/fonts/glyphicons-halflings-regulard41d.eot]
[efuel.like-themes.com/wp-content/plugins/Booking/assets/libs/bootstrap/fonts/glyphicons-halflings-regular.woff]
[efuel.like-themes.com/wp-content/plugins/Booking/assets/libs/bootstrap/fonts/glyphicons-halflings-regular.ttf]
[efuel.like-themes.com/wp-content/plugins/Booking/assets/img/clock_fill.png]
[efuel.like-themes.com/wp-includes/js/zxcvbn-async.min5152.js]
[efuel.like-themes.com/wp-json/oembed/1.0/embedbef4]
[efuel.like-themes.com/wp-json/oembed/1.0/embed3870]
[efuel.like-themes.com/wp-content/plugins/woocommerce/assets/js/selectWoo/selectWoo.full.min97de.js]
[efuel.like-themes.com/my-account/lost-password/index.html]
[efuel.like-themes.com/wp-content/plugins/woocommerce/assets/js/frontend/password-strength-meter.minb284.js]
[efuel.like-themes.com/wp-json/oembed/1.0/embedee3d]
[efuel.like-themes.com/wp-content/plugins/woocommerce/assets/js/frontend/country-select.minb284.js]
[efuel.like-themes.com/wp-json/oembed/1.0/embedd81b]
[efuel.like-themes.com/wp-content/plugins/woocommerce/assets/js/frontend/address-i18n.minb284.js]
[efuel.like-themes.com/wp-content/plugins/woocommerce/assets/js/frontend/cart.minb284.js]
[efuel.like-themes.com/wp-json/oembed/1.0/embed4aa5]
[efuel.like-themes.com/wp-content/uploads/2018/08/parallax_skills53c3.jpg]
[efuel.like-themes.com/wp-json/oembed/1.0/embed0838]
[efuel.like-themes.com/wp-content/uploads/2018/09/banner-1.png]
[efuel.like-themes.com/wp-content/uploads/2018/09/banner-2.png]
[efuel.like-themes.com/wp-content/uploads/2018/09/banner-3.png]
[efuel.like-themes.com/wp-content/uploads/2018/09/banner-4.png]
[efuel.like-themes.com/services/car-evacuation/index.html]
[efuel.like-themes.com/wp-content/uploads/2018/10/tow_serv_01-690x410.jpg]
[efuel.like-themes.com/services/doors-unlock/index.html]
[efuel.like-themes.com/services/emergency-charging/index.html]
[efuel.like-themes.com/wp-content/uploads/2018/10/tow_serv_03-690x410.jpg]
[efuel.like-themes.com/wp-content/uploads/2018/10/tow_serv_02-690x410.jpg]
[efuel.like-themes.com/services/car-refueling/index.html]
[efuel.like-themes.com/wp-content/uploads/2018/10/tow_serv_04-690x410.jpg]
[efuel.like-themes.com/services/wheels-pumping/index.html]
[efuel.like-themes.com/wp-content/uploads/2018/10/tow_serv_05-690x410.jpg]
[efuel.like-themes.com/wp-content/uploads/2018/10/tow_serv_06-690x410.jpg]
[efuel.like-themes.com/services/engine-repair/index.html]
[efuel.like-themes.com/wp-content/uploads/2018/09/service-icon-2.png]
[efuel.like-themes.com/wp-content/uploads/2018/09/service-icon-1.png]
[efuel.like-themes.com/wp-content/uploads/2018/09/service-icon-4.png]
[efuel.like-themes.com/wp-content/uploads/2018/09/service-icon-3.png]
[efuel.like-themes.com/wp-content/uploads/2018/09/gas-can.png]
[efuel.like-themes.com/wp-content/uploads/2018/09/service-icon-6.png]
[efuel.like-themes.com/wp-content/uploads/2018/09/service-icon-5.png]
[efuel.like-themes.com/wp-content/uploads/2018/09/mission-bg-2.png]
[efuel.like-themes.com/wp-content/uploads/2018/09/video-bg.jpg]
[efuel.like-themes.com/wp-json/oembed/1.0/embed64bb]
[efuel.like-themes.com/wp-json/oembed/1.0/embed36bc]
[efuel.like-themes.com/wp-content/uploads/2018/10/tow-card-bg98bb.png]
[efuel.like-themes.com/wp-content/uploads/2018/10/sky.jpg]
[efuel.like-themes.com/wp-content/uploads/2018/10/road.png]
[efuel.like-themes.com/wp-content/uploads/2018/10/city.png]
[efuel.like-themes.com/wp-content/uploads/2018/10/lamp.png]
[efuel.like-themes.com/wp-content/uploads/2018/10/tow.png]
[efuel.like-themes.com/wp-content/uploads/2018/10/back_wheel.png]
[efuel.like-themes.com/wp-content/uploads/2018/10/front_wheel.png]
[efuel.like-themes.com/wp-content/uploads/2018/10/tow-car-1.png]
[efuel.like-themes.com/wp-content/uploads/2018/10/tow-car-2.png]
[efuel.like-themes.com/wp-content/uploads/2018/10/tow-car-3.png]
[efuel.like-themes.com/wp-content/uploads/2018/10/tow-car-4.png]
[efuel.like-themes.com/wp-content/uploads/2018/10/mobile-tow-1.png]
[efuel.like-themes.com/wp-content/uploads/2018/10/tow-card-2.png]
[efuel.like-themes.com/wp-content/uploads/2018/10/tow-car.png]
[efuel.like-themes.com/wp-content/uploads/2018/10/tow-car-left.png]
[efuel.like-themes.com/wp-content/uploads/2018/10/tow-car-right.png]
[efuel.like-themes.com/wp-json/oembed/1.0/embed3c3e]
[efuel.like-themes.com/wp-json/oembed/1.0/embed2e7e]
[efuel.like-themes.com/wp-content/uploads/2018/10/car_06-690x410.jpg]
[efuel.like-themes.com/rentals/bmw-750-diesel/index.html]
[efuel.like-themes.com/wp-content/uploads/2018/10/car_05-690x410.jpg]
[efuel.like-themes.com/rentals/audi-a4-3-5-at/index.html]
[efuel.like-themes.com/rentals/mercedes-s-class-3-0/index.html]
[efuel.like-themes.com/wp-content/uploads/2018/10/car_04-690x410.jpg]
[efuel.like-themes.com/wp-content/uploads/2018/10/car_03-690x410.jpg]
[efuel.like-themes.com/rentals/audi-tt-4-0-mt/index.html]
[efuel.like-themes.com/rentals/mercedes-e-class-3-5/index.html]
[efuel.like-themes.com/wp-content/uploads/2018/10/car_02-690x410.jpg]
[efuel.like-themes.com/rentals/nissan-juke-2-0-mt-2-2-2/index.html]
[efuel.like-themes.com/wp-content/uploads/2018/10/car_01-690x410.jpg]
[efuel.like-themes.com/wp-content/uploads/2018/10/car_08-690x410.jpg]
[efuel.like-themes.com/rentals/mercedes-benz/index.html]
[efuel.like-themes.com/rentals/audi-tt/index.html]
[efuel.like-themes.com/wp-content/uploads/2018/10/car_07-690x410.jpg]
[efuel.like-themes.com/rentals/brock-rc30-sg/index.html]
[efuel.like-themes.com/wp-content/uploads/2018/10/car_11-690x410.jpg]
[efuel.like-themes.com/rentals/mercedes-benz-g65-amg/index.html]
[efuel.like-themes.com/rentals/nissan-200-cx/index.html]
[efuel.like-themes.com/wp-content/uploads/2018/10/car_09-690x410.jpg]
[efuel.like-themes.com/wp-content/uploads/2018/10/rent-map.png]
[efuel.like-themes.com/wp-content/uploads/2018/10/car_12-690x410.jpg]
[efuel.like-themes.com/wp-content/uploads/2018/10/premium-car.png]
[efuel.like-themes.com/cheap-car-rental-in-europe/index.html]
[efuel.like-themes.com/wp-content/uploads/2018/10/rent_blog_01-770x515.jpg]
[efuel.like-themes.com/category/cars-rental/index.html]
[efuel.like-themes.com/wp-content/uploads/2018/10/rent_blog_02-770x515.jpg]
[efuel.like-themes.com/how-to-book-your-rent-car/index.html]
[efuel.like-themes.com/5-tips-for-travelers-in-the-usa/index.html]
[efuel.like-themes.com/wp-content/uploads/2018/10/rent_blog_03-770x515.jpg]
[efuel.like-themes.com/wp-json/oembed/1.0/embed5ee0]
[efuel.like-themes.com/wp-content/uploads/2018/09/about-image.jpg]
[efuel.like-themes.com/wp-json/oembed/1.0/embed5c55]
[efuel.like-themes.com/wp-content/uploads/2018/09/subscribe-icon.png]
[efuel.like-themes.com/wp-json/oembed/1.0/embed1ce4]
[efuel.like-themes.com/wp-content/plugins/mailchimp-for-wp/assets/js/forms-api.minb523.js]
[efuel.like-themes.com/wp-json/oembed/1.0/embed7a8e]
[efuel.like-themes.com/wp-content/uploads/2018/03/w6.jpg]
[efuel.like-themes.com/wp-content/uploads/2018/03/w3.jpg]
[efuel.like-themes.com/wp-content/uploads/2018/03/w1.jpg]
[efuel.like-themes.com/wp-content/uploads/2018/03/m1.jpg]
[efuel.like-themes.com/wp-content/uploads/2018/03/nymph-1052751.jpg]
[efuel.like-themes.com/wp-content/uploads/2018/03/beautiful-1869532.jpg]
[efuel.like-themes.com/wp-content/uploads/2018/03/beautiful-1687955.jpg]
[efuel.like-themes.com/testimonials/page/2/index.html]
[efuel.like-themes.com/wp-json/oembed/1.0/embeda9a4]
[efuel.like-themes.com/wp-json/oembed/1.0/embed5a9b]
[efuel.like-themes.com/team/john-richards/index.html]
[efuel.like-themes.com/team/kelley-miles/index.html]
[efuel.like-themes.com/team/sherman-warner/index.html]
[efuel.like-themes.com/team/denis-green/index.html]
[efuel.like-themes.com/team/antony-taylor/index.html]
[efuel.like-themes.com/wp-json/oembed/1.0/embedade9]
[efuel.like-themes.com/wp-json/oembed/1.0/embedf4ce]
[efuel.like-themes.com/wp-json/oembed/1.0/embedfcc3]
[efuel.like-themes.com/wp-json/oembed/1.0/embed80bc]
[efuel.like-themes.com/wp-json/oembed/1.0/embed0d3c]
[efuel.like-themes.com/wp-json/oembed/1.0/embed844b]
[efuel.like-themes.com/wp-content/plugins/js_composer/assets/fonts/vc_icons_v2/fonts/vcpb-plugin-iconsb82a.svg]
[efuel.like-themes.com/wp-content/plugins/js_composer/assets/vc/blur.svg]
[efuel.like-themes.com/wp-content/plugins/js_composer/assets/fonts/vc_grid/vc_grid_v157a1.svg]
[efuel.like-themes.com/wp-content/plugins/unyson/framework/static/libs/font-awesome/fonts/fontawesome-webfont3e6e.woff2]
[efuel.like-themes.com/wp-content/plugins/unyson/framework/static/libs/font-awesome/fonts/fontawesome-webfont3e6e.svg]
[efuel.like-themes.com/wp-content/plugins/unyson/framework/static/libs/entypo/fonts/entypo.svg]
[efuel.like-themes.com/wp-content/plugins/unyson/framework/static/libs/typcn/fonts/typicons.svg]
[efuel.like-themes.com/wp-content/plugins/unyson/framework/static/libs/unycon/fonts/Unyconfda5.svg]
[efuel.like-themes.com/wp-content/plugins/Booking/assets/libs/bootstrap/fonts/glyphicons-halflings-regular.woff2]
[efuel.like-themes.com/wp-content/plugins/Booking/assets/libs/bootstrap/fonts/glyphicons-halflings-regular.svg]
[efuel.like-themes.com/wp-content/plugins/woocommerce/assets/css/select2b284.css]
[efuel.like-themes.com/index5c49.html]
[efuel.like-themes.com/my-account/lost-password/index.html]
[efuel.like-themes.com/index2f7a.html]
[efuel.like-themes.com/indexc52f.html]
[efuel.like-themes.com/services/car-evacuation/index.html]
[efuel.like-themes.com/services/doors-unlock/index.html]
[efuel.like-themes.com/services/emergency-charging/index.html]
[efuel.like-themes.com/services/car-refueling/index.html]
[efuel.like-themes.com/services/wheels-pumping/index.html]
[efuel.like-themes.com/services/engine-repair/index.html]
[efuel.like-themes.com/indexca65.html]
[efuel.like-themes.com/indexe513.html]
[efuel.like-themes.com/rentals/bmw-750-diesel/index.html]
[efuel.like-themes.com/rentals/audi-a4-3-5-at/index.html]
[efuel.like-themes.com/rentals/mercedes-s-class-3-0/index.html]
[efuel.like-themes.com/rentals/audi-tt-4-0-mt/index.html]
[efuel.like-themes.com/rentals/mercedes-e-class-3-5/index.html]
[efuel.like-themes.com/rentals/nissan-juke-2-0-mt-2-2-2/index.html]
[efuel.like-themes.com/rentals/mercedes-benz/index.html]
[efuel.like-themes.com/rentals/audi-tt/index.html]
[efuel.like-themes.com/rentals/brock-rc30-sg/index.html]
[efuel.like-themes.com/rentals/mercedes-benz-g65-amg/index.html]
[efuel.like-themes.com/rentals/nissan-200-cx/index.html]
[efuel.like-themes.com/cheap-car-rental-in-europe/index.html]
[efuel.like-themes.com/category/cars-rental/index.html]
[efuel.like-themes.com/how-to-book-your-rent-car/index.html]
[efuel.like-themes.com/5-tips-for-travelers-in-the-usa/index.html]
[efuel.like-themes.com/index29b5.html]
[efuel.like-themes.com/index40a0.html]
[efuel.like-themes.com/testimonials/page/2/index.html]
[efuel.like-themes.com/indexb45d.html]
[efuel.like-themes.com/team/john-richards/index.html]
[efuel.like-themes.com/team/kelley-miles/index.html]
[efuel.like-themes.com/team/sherman-warner/index.html]
[efuel.like-themes.com/team/denis-green/index.html]
[efuel.like-themes.com/team/antony-taylor/index.html]
[efuel.like-themes.com/index8631.html]
[efuel.like-themes.com/wp-content/plugins/woocommerce/assets/fonts/WooCommerce.svg]
[efuel.like-themes.com/wp-content/plugins/js_composer/assets/lib/bower/font-awesome/fonts/fontawesome-webfont3e6e.svg]
[efuel.like-themes.com/wp-content/plugins/js_composer/assets/vc/alert.png]
[efuel.like-themes.com/wp-content/plugins/js_composer/assets/vc/info.png]
[efuel.like-themes.com/wp-content/plugins/js_composer/assets/vc/tick.png]
[efuel.like-themes.com/wp-content/uploads/2018/10/tow-card-1.png]
[efuel.like-themes.com/wp-json/oembed/1.0/embed2b95]
[efuel.like-themes.com/wp-json/oembed/1.0/embeda043]
[efuel.like-themes.com/wp-json/oembed/1.0/embed2e1a]
[efuel.like-themes.com/wp-json/oembed/1.0/embede623]
[efuel.like-themes.com/team/francis-habbant/index.html]
[efuel.like-themes.com/team/marta-ferrari/index.html]
[efuel.like-themes.com/index2a5c.html]
[efuel.like-themes.com/wp-json/oembed/1.0/embed81eb]
[efuel.like-themes.com/wp-json/oembed/1.0/embeddc37]
[efuel.like-themes.com/faq/page/2/index.html]
[efuel.like-themes.com/wp-content/plugins/js_composer/assets/css/js_composer_tta.mine23c.css]
[efuel.like-themes.com/wp-content/plugins/js_composer/assets/lib/vc_accordion/vc-accordion.mine23c.js]
[efuel.like-themes.com/wp-content/plugins/js_composer/assets/lib/vc-tta-autoplay/vc-tta-autoplay.mine23c.js]
[efuel.like-themes.com/shop/feed/index.html]
[efuel.like-themes.com/product/car-fire-extinguisher/index.html]
[efuel.like-themes.com/wp-content/uploads/2018/08/item_05-340x340.jpg]
[efuel.like-themes.com/shop/indexb3ff.html]
[efuel.like-themes.com/product/car-first-aid-kit/index.html]
[efuel.like-themes.com/wp-content/uploads/2018/08/item_04-340x340.jpg]
[efuel.like-themes.com/shop/indexddc6.html]
[efuel.like-themes.com/product/energy-drink-set/index.html]
[efuel.like-themes.com/wp-content/uploads/2018/08/item_08-340x340.jpg]
[efuel.like-themes.com/shop/index9cb3.html]
[efuel.like-themes.com/product/engine-part/index.html]
[efuel.like-themes.com/wp-content/uploads/2018/08/item_06-340x340.jpg]
[efuel.like-themes.com/shop/index33b3.html]
[efuel.like-themes.com/product/home-charging-point/index.html]
[efuel.like-themes.com/wp-content/uploads/2018/08/item_03-340x340.jpg]
[efuel.like-themes.com/shop/indexc52d.html]
[efuel.like-themes.com/product/metal-car-wheel/index.html]
[efuel.like-themes.com/wp-content/uploads/2018/08/item_02-340x340.jpg]
[efuel.like-themes.com/shop/indexaf74.html]
[efuel.like-themes.com/product/motor-oil-and-filters/index.html]
[efuel.like-themes.com/wp-content/uploads/2018/08/item_01-340x340.jpg]
[efuel.like-themes.com/shop/index5cb0.html]
[efuel.like-themes.com/product/public-charging-points/index.html]
[efuel.like-themes.com/wp-content/uploads/2018/08/item_07-340x340.jpg]
[efuel.like-themes.com/shop/index3cf3.html]
[efuel.like-themes.com/product/solar-charging-station/index.html]
[efuel.like-themes.com/wp-content/uploads/2018/08/item_09-340x340.jpg]
[efuel.like-themes.com/shop/index2fc6.html]
[efuel.like-themes.com/product-category/eco-fuel/index.html]
[efuel.like-themes.com/product-category/electric-cars/index.html]
[efuel.like-themes.com/product-category/gas-stations/index.html]
[efuel.like-themes.com/product-category/solar-energy/index.html]
[efuel.like-themes.com/product-category/uncategorized/index.html]
[efuel.like-themes.com/product-tag/car/index.html]
[efuel.like-themes.com/product-tag/charging/index.html]
[efuel.like-themes.com/product-tag/electric/index.html]
[efuel.like-themes.com/product-tag/solar/index.html]
[efuel.like-themes.com/product-tag/transport/index.html]
[efuel.like-themes.com/wp-includes/js/jquery/ui/core.mine899.js]
[efuel.like-themes.com/wp-includes/js/jquery/ui/widget.mine899.js]
[efuel.like-themes.com/wp-includes/js/jquery/ui/mouse.mine899.js]
[efuel.like-themes.com/wp-includes/js/jquery/ui/slider.mine899.js]
[efuel.like-themes.com/wp-content/plugins/woocommerce/assets/js/jquery-ui-touch-punch/jquery-ui-touch-punch.minb284.js]
[efuel.like-themes.com/wp-content/plugins/woocommerce/assets/js/accounting/accounting.minaffb.js]
[efuel.like-themes.com/wp-content/plugins/woocommerce/assets/js/frontend/price-slider.minb284.js]
[efuel.like-themes.com/indexc7e3.html]
[efuel.like-themes.com/wp-json/oembed/1.0/embede652]
[efuel.like-themes.com/wp-json/oembed/1.0/embedd17d]
[efuel.like-themes.com/wp-content/uploads/2018/08/blog_03-1.jpg]
[efuel.like-themes.com/wp-content/uploads/2018/08/blog_07.jpg]
[efuel.like-themes.com/wp-content/uploads/2018/08/blog_06.jpg]
[efuel.like-themes.com/living-with-the-leaf-charging-efficiency/index.html]
[efuel.like-themes.com/wp-content/uploads/2018/08/blog_04-1-770x515.jpg]
[efuel.like-themes.com/wp-content/uploads/2018/08/blog_04-2-770x515.jpg]
[efuel.like-themes.com/germany-charging-stations/index.html]
[efuel.like-themes.com/muriel-barbery/index.html]
[efuel.like-themes.com/tesla-model-3-review/index.html]
[efuel.like-themes.com/wp-content/uploads/2018/08/blog_05-770x515.jpg]
[efuel.like-themes.com/classic-blog-with-right-sidebar/page/2/index.html]
[efuel.like-themes.com/category/eco-fuel/index.html]
[efuel.like-themes.com/category/ev-charging-points/index.html]
[efuel.like-themes.com/category/gas-station/index.html]
[efuel.like-themes.com/category/solar-energy/index.html]
[efuel.like-themes.com/tag/brands/index.html]
[efuel.like-themes.com/tag/car/index.html]
[efuel.like-themes.com/tag/charging/index.html]
[efuel.like-themes.com/tag/ecology/index.html]
[efuel.like-themes.com/tag/ev/index.html]
[efuel.like-themes.com/tag/food/index.html]
[efuel.like-themes.com/tag/fuel/index.html]
[efuel.like-themes.com/tag/future/index.html]
[efuel.like-themes.com/tag/transport/index.html]
[efuel.like-themes.com/2018/10/index.html]
[efuel.like-themes.com/indexd8e5.html]
[efuel.like-themes.com/wp-json/oembed/1.0/embedb756]
[efuel.like-themes.com/wp-json/oembed/1.0/embed0877]
[efuel.like-themes.com/blog-2-columns-with-right-sidebar/page/2/index.html]
[efuel.like-themes.com/indexd512.html]
[efuel.like-themes.com/wp-json/oembed/1.0/embedc2b9]
[efuel.like-themes.com/wp-json/oembed/1.0/embed138a]
[efuel.like-themes.com/classic-blog-without-sidebar/page/2/index.html]
[efuel.like-themes.com/index3965.html]
[efuel.like-themes.com/wp-json/oembed/1.0/embed5494]
[efuel.like-themes.com/wp-json/oembed/1.0/embed4f30]
[efuel.like-themes.com/blog-two-columns-without-sidebar/page/2/index.html]
[efuel.like-themes.com/indexdd23.html]
[efuel.like-themes.com/wp-json/oembed/1.0/embed475d]
[efuel.like-themes.com/wp-json/oembed/1.0/embed162d]
[efuel.like-themes.com/blog-three-columns/page/2/index.html]
[efuel.like-themes.com/index5c90.html]
[efuel.like-themes.com/wp-json/oembed/1.0/embedf1c6]
[efuel.like-themes.com/wp-json/oembed/1.0/embed0f92]
[efuel.like-themes.com/gallery/history-of-electric-vehicles/index.html]
[efuel.like-themes.com/wp-content/uploads/2018/08/blog_12-755x500.jpg]
[efuel.like-themes.com/gallery/tesla-model-3-review/index.html]
[efuel.like-themes.com/wp-content/uploads/2018/08/blog_10-755x502.jpg]
[efuel.like-themes.com/gallery/france-ev-support-program/index.html]
[efuel.like-themes.com/wp-content/uploads/2018/08/blog_09-755x504.jpg]
[efuel.like-themes.com/gallery/living-with-the-leaf-charging-efficiency/index.html]
[efuel.like-themes.com/wp-content/uploads/2018/08/blog_08-755x511.jpg]
[efuel.like-themes.com/gallery/the-first-winner-of-ev-experience/index.html]
[efuel.like-themes.com/wp-content/uploads/2018/08/blog_07-755x502.jpg]
[efuel.like-themes.com/gallery/confessions-of-an-ev-virgin/index.html]
[efuel.like-themes.com/wp-content/uploads/2018/08/blog_06-755x511.jpg]
[efuel.like-themes.com/gallery/dealerships-are-key-to-ev-sales/index.html]
[efuel.like-themes.com/wp-content/uploads/2018/08/blog_04-2-755x504.jpg]
[efuel.like-themes.com/gallery/living-with-the-i-miev/index.html]
[efuel.like-themes.com/wp-content/uploads/2018/08/blog_04-1-755x503.jpg]
[efuel.like-themes.com/index4837.html]
[efuel.like-themes.com/wp-json/oembed/1.0/embedec82]
[efuel.like-themes.com/wp-json/oembed/1.0/embed4bb6]
[efuel.like-themes.com/indexba52.html]
[efuel.like-themes.com/wp-json/oembed/1.0/embedd748]
[efuel.like-themes.com/wp-json/oembed/1.0/embed5d32]
[efuel.like-themes.com/index970c.html]
[efuel.like-themes.com/wp-json/oembed/1.0/embed45a5]
[efuel.like-themes.com/wp-json/oembed/1.0/embedfeb2]
[efuel.like-themes.com/wp-content/uploads/2017/05/contact-bg2f2c.png]
[efuel.like-themes.com/indexa351.html]
[efuel.like-themes.com/wp-json/oembed/1.0/embed527f]
[efuel.like-themes.com/wp-json/oembed/1.0/embed7523]
[efuel.like-themes.com/elements/index.html]
[efuel.like-themes.com/index475a.html]
[efuel.like-themes.com/wp-json/oembed/1.0/embed88b9]
[efuel.like-themes.com/wp-json/oembed/1.0/embeda5d2]
[efuel.like-themes.com/index4f61.html]
[efuel.like-themes.com/wp-json/oembed/1.0/embeda0b5]
[efuel.like-themes.com/wp-json/oembed/1.0/embedf271]
[efuel.like-themes.com/indexbdc9.html]
[efuel.like-themes.com/wp-json/oembed/1.0/embedcbe9]
[efuel.like-themes.com/wp-json/oembed/1.0/embede88d]
[efuel.like-themes.com/index5b8d.html]
[efuel.like-themes.com/wp-json/oembed/1.0/embed9ccf]
[efuel.like-themes.com/wp-json/oembed/1.0/embeda085]
[efuel.like-themes.com/index4cfb.html]
[efuel.like-themes.com/wp-json/oembed/1.0/embedaf40]
[efuel.like-themes.com/wp-json/oembed/1.0/embedb48f]
[efuel.like-themes.com/indexf993.html]
[efuel.like-themes.com/wp-json/oembed/1.0/embed3a98]
[efuel.like-themes.com/wp-json/oembed/1.0/embedf0ba]
[efuel.like-themes.com/index16bc.html]
[efuel.like-themes.com/wp-json/oembed/1.0/embede40a]
[efuel.like-themes.com/wp-json/oembed/1.0/embedba6d]
[efuel.like-themes.com/index7414.html]
[efuel.like-themes.com/wp-json/oembed/1.0/embed6b80]
[efuel.like-themes.com/wp-json/oembed/1.0/embed73d6]
[efuel.like-themes.com/index03c9.html]
[efuel.like-themes.com/wp-json/oembed/1.0/embed4929]
[efuel.like-themes.com/wp-json/oembed/1.0/embeddd5e]
[efuel.like-themes.com/wp-content/plugins/js_composer/assets/lib/vc_tabs/vc-tabs.mine23c.js]
[efuel.like-themes.com/index9cd7.html]
[efuel.like-themes.com/indexa215.html]
[efuel.like-themes.com/wp-json/oembed/1.0/embed844b]
[efuel.like-themes.com/wp-json/oembed/1.0/embed0d3c]
[efuel.like-themes.com/services/fast-food/index.html]
[efuel.like-themes.com/index422e.html]
[efuel.like-themes.com/wp-json/oembed/1.0/embed666b]
[efuel.like-themes.com/wp-json/oembed/1.0/embedbb39]
[efuel.like-themes.com/services/index.html]
[efuel.like-themes.com/services-category/ev-charging/index.html]
[efuel.like-themes.com/wp-content/uploads/2018/08/serv_01.jpg]
[efuel.like-themes.com/wp-content/uploads/2018/08/blog_04-2-1024x684.jpg]
[efuel.like-themes.com/wp-content/uploads/2018/08/blog_06-1024x693.jpg]
[efuel.like-themes.com/indexf22e.html]
[efuel.like-themes.com/wp-json/oembed/1.0/embedcda4]
[efuel.like-themes.com/wp-json/oembed/1.0/embedd6da]
[efuel.like-themes.com/wp-content/uploads/2018/08/serv_02.jpg]
[efuel.like-themes.com/indexdd7a.html]
[efuel.like-themes.com/wp-json/oembed/1.0/embedc766]
[efuel.like-themes.com/wp-json/oembed/1.0/embedf72c]
[efuel.like-themes.com/wp-content/uploads/2018/08/serv_03.jpg]
[efuel.like-themes.com/index59c2.html]
[efuel.like-themes.com/wp-json/oembed/1.0/embed50de]
[efuel.like-themes.com/wp-json/oembed/1.0/embedf60f]
[efuel.like-themes.com/index3e9e.html]
[efuel.like-themes.com/wp-json/oembed/1.0/embed878d]
[efuel.like-themes.com/wp-json/oembed/1.0/embed4569]
[efuel.like-themes.com/index68d7.html]
[efuel.like-themes.com/wp-json/oembed/1.0/embed2c40]
[efuel.like-themes.com/wp-json/oembed/1.0/embedccf2]
[efuel.like-themes.com/the-number-of-electric-vehicles-in-the-uk-has-doubled/feed/index.html]
[efuel.like-themes.com/index4600.html]
[efuel.like-themes.com/wp-json/oembed/1.0/embed0bb8]
[efuel.like-themes.com/wp-json/oembed/1.0/embed1c07]
[efuel.like-themes.com/wp-content/uploads/2018/08/blog_01-1.jpg]
[efuel.like-themes.com/author/admin/index.html]
[efuel.like-themes.com/the-number-of-electric-vehicles-in-the-uk-has-doubled/index04d3.html]
[efuel.like-themes.com/the-number-of-electric-vehicles-in-the-uk-has-doubled/index360b.html]
[efuel.like-themes.com/the-number-of-electric-vehicles-in-the-uk-has-doubled/index6f0d.html]
[efuel.like-themes.com/the-number-of-electric-vehicles-in-the-uk-has-doubled/indexfa40.html]
[efuel.like-themes.com/wp-content/plugins/simple-share-buttons-adder/css/ssbad934.css]
[efuel.like-themes.com/wp-content/plugins/simple-share-buttons-adder/fonts/ssbpcb9b.eot]
[efuel.like-themes.com/wp-content/plugins/simple-share-buttons-adder/fonts/ssbpd41d.eot]
[efuel.like-themes.com/wp-content/plugins/simple-share-buttons-adder/fonts/ssbpcb9b.woff]
[efuel.like-themes.com/wp-content/plugins/simple-share-buttons-adder/fonts/ssbpcb9b.ttf]
[efuel.like-themes.com/wp-content/plugins/simple-share-buttons-adder/fonts/ssbpcb9b.svg]
[efuel.like-themes.com/wp-includes/js/comment-reply.mind934.js]
[efuel.like-themes.com/wp-content/plugins/akismet/_inc/forma871.js]
[efuel.like-themes.com/category/electric-cars/feed/index.html]
[efuel.like-themes.com/solar-cells-for-electric-charge-appeared-on-sale/feed/index.html]
[efuel.like-themes.com/indexbb23.html]
[efuel.like-themes.com/wp-json/oembed/1.0/embed50a0]
[efuel.like-themes.com/wp-json/oembed/1.0/embed03da]
[efuel.like-themes.com/wp-content/uploads/2018/08/blog_02-1.jpg]
[efuel.like-themes.com/this-year-more-than-5-billion-was-saved-on-fuel/feed/index.html]
[efuel.like-themes.com/indexae1c.html]
[efuel.like-themes.com/wp-json/oembed/1.0/embed75fd]
[efuel.like-themes.com/wp-json/oembed/1.0/embed0448]
[efuel.like-themes.com/wp-json/oembed/1.0/embed4d40]
[efuel.like-themes.com/wp-content/plugins/woocommerce/assets/js/frontend/lost-password.minb284.js]
[efuel.like-themes.com/wp-json/oembed/1.0/embed2aa2]
[efuel.like-themes.com/wp-json/oembed/1.0/embed88c8]
[efuel.like-themes.com/wp-json/oembed/1.0/embedb274]
[efuel.like-themes.com/wp-content/uploads/2018/10/tow_serv_01.jpg]
[efuel.like-themes.com/services-category/car-towing/index.html]
[efuel.like-themes.com/wp-json/oembed/1.0/embed77b2]
[efuel.like-themes.com/wp-content/uploads/2018/10/tow_serv_02.jpg]
[efuel.like-themes.com/wp-json/oembed/1.0/embed1d49]
[efuel.like-themes.com/wp-json/oembed/1.0/embedfee4]
[efuel.like-themes.com/wp-json/oembed/1.0/embedf9d5]
[efuel.like-themes.com/wp-content/uploads/2018/10/tow_serv_03.jpg]
[efuel.like-themes.com/wp-json/oembed/1.0/embed9cf8]
[efuel.like-themes.com/wp-json/oembed/1.0/embedd934]
[efuel.like-themes.com/wp-content/uploads/2018/10/tow_serv_04.jpg]
[efuel.like-themes.com/wp-json/oembed/1.0/embed9852]
[efuel.like-themes.com/wp-content/uploads/2018/10/tow_serv_05.jpg]
[efuel.like-themes.com/wp-json/oembed/1.0/embedc00a]
[efuel.like-themes.com/services/car-maintenance/index.html]
[efuel.like-themes.com/wp-json/oembed/1.0/embed21cf]
[efuel.like-themes.com/wp-json/oembed/1.0/embed219e]
[efuel.like-themes.com/wp-content/uploads/2018/10/tow_serv_06.jpg]
[efuel.like-themes.com/wp-json/oembed/1.0/embede304]
[efuel.like-themes.com/wp-json/oembed/1.0/embeda568]
[efuel.like-themes.com/rentals/index.html]
[efuel.like-themes.com/wp-content/uploads/2018/10/car_06.jpg]
[efuel.like-themes.com/rental-brand/bmw/index.html]
[efuel.like-themes.com/wp-json/oembed/1.0/embed76ae]
[efuel.like-themes.com/wp-json/oembed/1.0/embed129b]
[efuel.like-themes.com/wp-content/uploads/2018/10/car_05.jpg]
[efuel.like-themes.com/rental-brand/audi/index.html]
[efuel.like-themes.com/wp-json/oembed/1.0/embed134f]
[efuel.like-themes.com/wp-json/oembed/1.0/embedfe0b]
[efuel.like-themes.com/rental-brand/mercedes/index.html]
[efuel.like-themes.com/wp-content/uploads/2018/10/car_04.jpg]
[efuel.like-themes.com/wp-json/oembed/1.0/embed8692]
[efuel.like-themes.com/wp-json/oembed/1.0/embede547]
[efuel.like-themes.com/wp-content/uploads/2018/10/car_03.jpg]
[efuel.like-themes.com/indexca39.html]
[efuel.like-themes.com/index01a6.html]
[efuel.like-themes.com/indexa8b6.html]
[efuel.like-themes.com/indexe5e4.html]
[efuel.like-themes.com/services-category/car-towing/index.html]
[efuel.like-themes.com/indexb85a.html]
[efuel.like-themes.com/index304e.html]
[efuel.like-themes.com/index33f9.html]
[efuel.like-themes.com/index2ffd.html]
[efuel.like-themes.com/services/car-maintenance/index.html]
[efuel.like-themes.com/index6f3b.html]
[efuel.like-themes.com/index6c8b.html]
[efuel.like-themes.com/rentals/index.html]
[efuel.like-themes.com/rental-brand/bmw/index.html]
[efuel.like-themes.com/index85ad.html]
[efuel.like-themes.com/rental-brand/audi/index.html]
[efuel.like-themes.com/indexd46d.html]
[efuel.like-themes.com/rental-brand/mercedes/index.html]
[efuel.like-themes.com/indexfdc5.html]
[efuel.like-themes.com/index3d92.html]
[efuel.like-themes.com/wp-json/oembed/1.0/embed8cc7]
[efuel.like-themes.com/wp-json/oembed/1.0/embed8d7c]
[efuel.like-themes.com/wp-content/uploads/2018/10/car_02.jpg]
[efuel.like-themes.com/index1d5a.html]
[efuel.like-themes.com/wp-json/oembed/1.0/embedea01]
[efuel.like-themes.com/wp-json/oembed/1.0/embedd681]
[efuel.like-themes.com/rental-brand/nissan/index.html]
[efuel.like-themes.com/wp-content/uploads/2018/10/car_01.jpg]
[efuel.like-themes.com/index48ec.html]
[efuel.like-themes.com/wp-json/oembed/1.0/embed116c]
[efuel.like-themes.com/wp-json/oembed/1.0/embed31f3]
[efuel.like-themes.com/wp-content/uploads/2018/10/car_08.jpg]
[efuel.like-themes.com/index9273.html]
[efuel.like-themes.com/wp-json/oembed/1.0/embed2e08]
[efuel.like-themes.com/wp-json/oembed/1.0/embedeb3f]
[efuel.like-themes.com/wp-content/uploads/2018/10/car_07.jpg]
[efuel.like-themes.com/index248a.html]
[efuel.like-themes.com/wp-json/oembed/1.0/embedcebf]
[efuel.like-themes.com/wp-json/oembed/1.0/embedf66b]
[efuel.like-themes.com/rental-brand/brock/index.html]
[efuel.like-themes.com/wp-content/uploads/2018/10/car_11.jpg]
[efuel.like-themes.com/index5d0b.html]
[efuel.like-themes.com/wp-json/oembed/1.0/embedfa04]
[efuel.like-themes.com/wp-json/oembed/1.0/embedefde]
[efuel.like-themes.com/wp-content/uploads/2018/10/car_09.jpg]
[efuel.like-themes.com/index0c04.html]
[efuel.like-themes.com/wp-json/oembed/1.0/embed31ef]
[efuel.like-themes.com/wp-json/oembed/1.0/embedab27]
[efuel.like-themes.com/wp-content/uploads/2018/10/car_12.jpg]
[efuel.like-themes.com/cheap-car-rental-in-europe/feed/index.html]
[efuel.like-themes.com/indexc521.html]
[efuel.like-themes.com/wp-json/oembed/1.0/embed08c9]
[efuel.like-themes.com/wp-json/oembed/1.0/embed7de4]
[efuel.like-themes.com/wp-content/uploads/2018/10/rent_blog_01.jpg]
[efuel.like-themes.com/category/cars-rental/feed/index.html]
[efuel.like-themes.com/how-to-book-your-rent-car/feed/index.html]
[efuel.like-themes.com/index1e7f.html]
[efuel.like-themes.com/wp-json/oembed/1.0/embed6eac]
[efuel.like-themes.com/wp-json/oembed/1.0/embed14f0]
[efuel.like-themes.com/wp-content/uploads/2018/10/rent_blog_02.jpg]
[efuel.like-themes.com/5-tips-for-travelers-in-the-usa/feed/index.html]
[efuel.like-themes.com/index975a.html]
[efuel.like-themes.com/wp-json/oembed/1.0/embed5421]
[efuel.like-themes.com/wp-json/oembed/1.0/embed65fe]
[efuel.like-themes.com/wp-content/uploads/2018/10/rent_blog_03.jpg]
[efuel.like-themes.com/index8bf8.html]
[efuel.like-themes.com/wp-json/oembed/1.0/embeda29b]
[efuel.like-themes.com/wp-json/oembed/1.0/embedb82e]
[efuel.like-themes.com/indexeeae.html]
[efuel.like-themes.com/wp-json/oembed/1.0/embed157b]
[efuel.like-themes.com/wp-json/oembed/1.0/embed8ff7]
[efuel.like-themes.com/services-category/car-towing/feed/index.html]
[efuel.like-themes.com/wp-content/uploads/2018/10/tow_serv_01-770x515.jpg]
[efuel.like-themes.com/wp-content/uploads/2018/10/tow_serv_04-770x515.jpg]
[efuel.like-themes.com/wp-content/uploads/2018/10/tow_serv_03-770x515.jpg]
[efuel.like-themes.com/wp-content/uploads/2018/10/tow_serv_02-770x515.jpg]
[efuel.like-themes.com/wp-content/uploads/2018/10/tow_serv_05-770x515.jpg]
[efuel.like-themes.com/wp-content/uploads/2018/10/tow_serv_06-770x515.jpg]
[efuel.like-themes.com/index6e3b.html]
[efuel.like-themes.com/wp-json/oembed/1.0/embed0c54]
[efuel.like-themes.com/wp-json/oembed/1.0/embed2d59]
[efuel.like-themes.com/services-category/gas-station/index.html]
[efuel.like-themes.com/wp-content/uploads/2018/09/serv_03.jpg]
[efuel.like-themes.com/rentals/feed/index.html]
[efuel.like-themes.com/rentals/page/2/index.html]
[efuel.like-themes.com/rental-brand/bmw/feed/index.html]
[efuel.like-themes.com/wp-content/uploads/2018/10/car_06-770x515.jpg]
[efuel.like-themes.com/rental-brand/audi/feed/index.html]
[efuel.like-themes.com/wp-content/uploads/2018/10/car_03-770x515.jpg]
[efuel.like-themes.com/wp-content/uploads/2018/10/car_05-770x515.jpg]
[efuel.like-themes.com/wp-content/uploads/2018/10/car_07-770x515.jpg]
[efuel.like-themes.com/rental-brand/mercedes/feed/index.html]
[efuel.like-themes.com/wp-content/uploads/2018/10/car_02-770x515.jpg]
[efuel.like-themes.com/wp-content/uploads/2018/10/car_04-770x515.jpg]
[efuel.like-themes.com/wp-content/uploads/2018/10/car_08-770x515.jpg]
[efuel.like-themes.com/wp-content/uploads/2018/10/car_09-770x515.jpg]
